
> hashimotos-app@1.0.0 start
> node ./scripts/start-with-qr.js --clear


Scan this in Expo Go (or tap "Enter URL manually" and type the address below):

▄▄▄▄▄▄▄▄▄▄▄▄▄▄▄▄▄▄▄▄▄▄▄▄▄▄▄
█ ▄▄▄▄▄ █▀▀ ███▀  █ ▄▄▄▄▄ █
█ █   █ █▄▀██▀█▄▄██ █   █ █
█ █▄▄▄█ █ ▄ █ ▄▀ ██ █▄▄▄█ █
█▄▄▄▄▄▄▄█ █ ▀▄█ ▀ █▄▄▄▄▄▄▄█
█▄ ▀▄▀█▄ █▀█  ▄▀▄█▀  ▄▀▄▄▀█
█▀▄ █▄ ▄ ▄▀▀  ▀ █▀▄▀ ▀▀█▄▄█
█▄██ ▀▀▄▄▄▀▄ █  █▀█ ▄█ ██▀█
█▄▀▀▀▄▄▄ ▀▄▄ █▀██ ▄▄ ▀▀██▄█
█▄▄█▄█▄▄█  ██ ▀▄  ▄▄▄ █ ▄ █
█ ▄▄▄▄▄ █▄  ▄ █▄  █▄█  ▀ ▄█
█ █   █ █▀█▄▀▄▄▀▀▄ ▄▄ █▀▄██
█ █▄▄▄█ █▀████  █  █▄  ▄█▄█
█▄▄▄▄▄▄▄█▄▄███▄▄█▄███▄▄█▄▄█


exp://192.168.68.53:8081

(node:27988) [DEP0190] DeprecationWarning: Passing args to a child process with shell option true can lead to security vulnerabilities, as the arguments are not escaped, only concatenated.
(Use `node --trace-deprecation ...` to show where the warning was created)
Starting project at C:\Dev\hashimotos-app
React Compiler enabled
Starting Metro Bundler
warning: Bundler cache is empty, rebuilding (this may take a minute)
Waiting on http://localhost:8081
Logs for your project will appear below.
Android node_modules\expo-router\entry.js ░░░░░░░░░░░░░░░░  0.0% (0/1)
| (node:26576) Warning: The 'NO_COLOR' env is ignored due to the 'FORCE_COLOR' env being set.
| (Use `node --trace-warnings ...` to show where the warning was created)
| (node:9132) Warning: The 'NO_COLOR' env is ignored due to the 'FORCE_COLOR' env being set.
| (Use `node --trace-warnings ...` to show where the warning was created)
| (node:15804) Warning: The 'NO_COLOR' env is ignored due to the 'FORCE_COLOR' env being set.
| (Use `node --trace-warnings ...` to show where the warning was created)
| (node:22756) Warning: The 'NO_COLOR' env is ignored due to the 'FORCE_COLOR' env being set.
| (Use `node --trace-warnings ...` to show where the warning was created)
| (node:25996) Warning: The 'NO_COLOR' env is ignored due to the 'FORCE_COLOR' env being set.
| (Use `node --trace-warnings ...` to show where the warning was created)
| (node:4844) Warning: The 'NO_COLOR' env is ignored due to the 'FORCE_COLOR' env being set.
| (Use `node --trace-warnings ...` to show where the warning was created)
| (node:30948) Warning: The 'NO_COLOR' env is ignored due to the 'FORCE_COLOR' env being set.
| (Use `node --trace-warnings ...` to show where the warning was created)
| (node:31496) Warning: The 'NO_COLOR' env is ignored due to the 'FORCE_COLOR' env being set.
| (Use `node --trace-warnings ...` to show where the warning was created)
Android node_modules\expo-router\entry.js ▓▓▓▓▓▓░░░░░░░░░░ 39.8% (343/544)
Android node_modules\expo-router\entry.js ▓▓▓▓▓▓▓▓▓▓▓░░░░░ 70.0% (693/884)
Android node_modules\expo-router\entry.js ▓▓▓▓▓▓▓▓▓▓▓░░░░░ 70.0% ( 852/1114)
Android node_modules\expo-router\entry.js ▓▓▓▓▓▓▓▓▓▓▓▓▓░░░ 82.6% (1400/1540)
Android Bundled 17315ms node_modules\expo-router\entry.js (1991 modules)
 LOG  [TabHub drop-timing] +0ms: tap (setOpen(true) about to run)
 LOG  [TabHub drop-timing] +182ms: card onLayout: x=16 y=437 w=216 h=234
 LOG  [TabHub drop-timing] +220ms: Modal onShow (Android Dialog window confirmed up)
 LOG  [TabHub drop-timing] +0ms: tap (setOpen(true) about to run)
 LOG  [TabHub drop-timing] +153ms: card onLayout: x=16 y=437 w=216 h=234
 LOG  [TabHub drop-timing] +188ms: Modal onShow (Android Dialog window confirmed up)
